// Jest Snapshot v1, https://goo.gl/fbAQLP

exports[`Main module should run without errors 1`] = `"<foo><node loc=\\"quz\\"/><node loc=\\"qaz\\"/></foo>"`;

exports[`Main module should run without errors 2`] = `"<foo><node loc=\\"qak\\"/><node loc=\\"bla\\"/></foo>"`;

exports[`Main module should run without errors 3`] = `"<foo><node loc=\\"blerb\\"/></foo>"`;
